
---------------------------------SESSION START---------------------------------

+-------------------------------------------------------+
| SYSTEM INFO                                           |
+-------------------------------------------------------+
| Hostname: nick-Precision-7560                         |
| Operating System: Ubuntu 22.04.5 LTS                  |
| CPU: 11th Gen Intel(R) Core(TM) i9-11950H @ 2.60GHz   |
| Architecture: x86_64                                  |
| Memory: 63500 MB                                      |
+-------------------------------------------------------+
[2025-03-02 20:35:43][INFO]: TCP server: version 1.0.0
[2025-03-02 20:35:43][INFO]: Loading configuration settings...

---------------------------------SESSION START---------------------------------

+-------------------------------------------------------+
| SYSTEM INFO                                           |
+-------------------------------------------------------+
| Hostname: nick-Precision-7560                         |
| Operating System: Ubuntu 22.04.5 LTS                  |
| CPU: 11th Gen Intel(R) Core(TM) i9-11950H @ 2.60GHz   |
| Architecture: x86_64                                  |
| Memory: 63500 MB                                      |
+-------------------------------------------------------+
[2025-03-02 20:39:25][INFO]: TCP server: version 1.0.0
[2025-03-02 20:39:25][INFO]: Loading configuration settings...

---------------------------------SESSION START---------------------------------

+-------------------------------------------------------+
| SYSTEM INFO                                           |
+-------------------------------------------------------+
| Hostname: nick-Precision-7560                         |
| Operating System: Ubuntu 22.04.5 LTS                  |
| CPU: 11th Gen Intel(R) Core(TM) i9-11950H @ 2.60GHz   |
| Architecture: x86_64                                  |
| Memory: 63500 MB                                      |
+-------------------------------------------------------+
[2025-03-02 20:40:40][INFO]: TCP server: version 1.0.0
[2025-03-02 20:40:40][INFO]: Loading configuration settings...
